// Jest Snapshot v1, https://goo.gl/fbAQLP

exports[`Dropdown Snapshots tests should match callback methods 1`] = `
Object {
  "asFragment": [Function],
  "baseElement": <body>
    <div>
      <div
        class="container"
        tabindex="0"
      >
        <span
          class="value"
        >
          Mango
        </span>
        <div
          class="caret_down"
        />
        <ul
          class="options "
        >
          <li
            class="option "
          >
            <div
              class="contentContainer"
            >
              <span
                class="optionContent"
              >
                Pomelo
              </span>
            </div>
          </li>
          <li
            class="option "
          >
            <div
              class="contentContainer"
            >
              <span
                class="optionContent"
              >
                Apple
              </span>
            </div>
          </li>
          <li
            class="option selected"
          >
            <div
              class="contentContainer"
            >
              <span
                class="optionContent"
              >
                Mango
              </span>
            </div>
          </li>
        </ul>
      </div>
    </div>
  </body>,
  "container": <div>
    <div
      class="container"
      tabindex="0"
    >
      <span
        class="value"
      >
        Mango
      </span>
      <div
        class="caret_down"
      />
      <ul
        class="options "
      >
        <li
          class="option "
        >
          <div
            class="contentContainer"
          >
            <span
              class="optionContent"
            >
              Pomelo
            </span>
          </div>
        </li>
        <li
          class="option "
        >
          <div
            class="contentContainer"
          >
            <span
              class="optionContent"
            >
              Apple
            </span>
          </div>
        </li>
        <li
          class="option selected"
        >
          <div
            class="contentContainer"
          >
            <span
              class="optionContent"
            >
              Mango
            </span>
          </div>
        </li>
      </ul>
    </div>
  </div>,
  "debug": [Function],
  "findAllByAltText": [Function],
  "findAllByDisplayValue": [Function],
  "findAllByLabelText": [Function],
  "findAllByPlaceholderText": [Function],
  "findAllByRole": [Function],
  "findAllByTestId": [Function],
  "findAllByText": [Function],
  "findAllByTitle": [Function],
  "findByAltText": [Function],
  "findByDisplayValue": [Function],
  "findByLabelText": [Function],
  "findByPlaceholderText": [Function],
  "findByRole": [Function],
  "findByTestId": [Function],
  "findByText": [Function],
  "findByTitle": [Function],
  "getAllByAltText": [Function],
  "getAllByDisplayValue": [Function],
  "getAllByLabelText": [Function],
  "getAllByPlaceholderText": [Function],
  "getAllByRole": [Function],
  "getAllByTestId": [Function],
  "getAllByText": [Function],
  "getAllByTitle": [Function],
  "getByAltText": [Function],
  "getByDisplayValue": [Function],
  "getByLabelText": [Function],
  "getByPlaceholderText": [Function],
  "getByRole": [Function],
  "getByTestId": [Function],
  "getByText": [Function],
  "getByTitle": [Function],
  "queryAllByAltText": [Function],
  "queryAllByDisplayValue": [Function],
  "queryAllByLabelText": [Function],
  "queryAllByPlaceholderText": [Function],
  "queryAllByRole": [Function],
  "queryAllByTestId": [Function],
  "queryAllByText": [Function],
  "queryAllByTitle": [Function],
  "queryByAltText": [Function],
  "queryByDisplayValue": [Function],
  "queryByLabelText": [Function],
  "queryByPlaceholderText": [Function],
  "queryByRole": [Function],
  "queryByTestId": [Function],
  "queryByText": [Function],
  "queryByTitle": [Function],
  "rerender": [Function],
  "unmount": [Function],
}
`;

exports[`Dropdown Snapshots tests should match disabled state 1`] = `
<Dropdown
  disabled={true}
  onChange={[Function]}
  options={
    Array [
      Object {
        "label": "Pomelo",
        "value": "pomelo",
      },
      Object {
        "label": "Apple",
        "value": "apple",
      },
      Object {
        "label": "Mango",
        "value": "mango",
      },
    ]
  }
  value={
    Object {
      "label": "Mango",
      "value": "mango",
    }
  }
/>
`;
